{"synthetic": false,
 "schemaVersion": "2025-09-10",
 "outputs":
 {"o": ["a70696ecfbd6f6de.olean"],
  "m": false,
  "i": "604440591f56e7d3.ilean",
  "c": "b9c4327e56b6d53b.c"},
 "log":
 [{"message":
   ".> LEAN_PATH=/Users/borjafernandezangulo/10_PROJECTS/Teorema-Robinson-Moskv/proof/lean/.lake/build/lib/lean /Users/borjafernandezangulo/.elan/toolchains/leanprover--lean4---v4.32.0/bin/lean /Users/borjafernandezangulo/10_PROJECTS/Teorema-Robinson-Moskv/proof/lean/Babylon.lean -o /Users/borjafernandezangulo/10_PROJECTS/Teorema-Robinson-Moskv/proof/lean/.lake/build/lib/lean/Babylon.olean -i /Users/borjafernandezangulo/10_PROJECTS/Teorema-Robinson-Moskv/proof/lean/.lake/build/lib/lean/Babylon.ilean -c /Users/borjafernandezangulo/10_PROJECTS/Teorema-Robinson-Moskv/proof/lean/.lake/build/ir/Babylon.c --setup /Users/borjafernandezangulo/10_PROJECTS/Teorema-Robinson-Moskv/proof/lean/.lake/build/ir/Babylon.setup.json --json",
   "level": "trace"}],
 "inputs":
 [["Babylon:deps",
   [["deps",
     [["«babylon-proof»/Babylon:extraDep",
       [["@«babylon-proof»:extraDep", "00000000000006bb"]]],
      ["imports", "00000000000006bb"]]],
    ["libs",
     [["import dynlibs", "00000000000006bb"],
      ["package external libraries", "00000000000006bb"],
      ["module dynlibs", "00000000000006bb"],
      ["module plugins", "00000000000006bb"]]]]],
  ["Lean 4.32.0, commit 8c9756b28d64dab099da31a4c09229a9e6a2ef35",
   "5d4a267a1ba5cafb"],
  ["/Users/borjafernandezangulo/10_PROJECTS/Teorema-Robinson-Moskv/proof/lean/Babylon.lean",
   "692e8e4c875ea7d7"],
  ["options", "00000000000006bb"],
  ["isModule: false", "feefd2a0d3a1847e"],
  ["Module.name: Babylon", "4e353208310b6b47"],
  ["Package.id?: (some babylon-proof)", "f1d18871eabf849e"],
  ["Module.leanArgs: #[]", "00000000000006bb"]],
 "depHash": "9de3a41eef8983f7"}